17:23:03 **** Auto Build of configuration Debug for project dual_ov5640_hdmi ****
make pre-build main-build 
a9-linaro-pre-build-step
' '
'Building file: ../src/vdma_api/vdma_api.c'
'Invoking: ARM v7 gcc compiler'
arm-none-eabi-gcc -Wall -O0 -g3 -c -fmessage-length=0 -MT"src/vdma_api/vdma_api.o" -mcpu=cortex-a9 -mfpu=vfpv3 -mfloat-abi=hard -I../../dual_ov5640_hdmi_bsp/ps7_cortexa9_0/include -MMD -MP -MF"src/vdma_api/vdma_api.d" -MT"src/vdma_api/vdma_api.o" -o "src/vdma_api/vdma_api.o" "../src/vdma_api/vdma_api.c"
'Finished building: ../src/vdma_api/vdma_api.c'
' '
'Building file: ../src/ov5640/ov5640_init.c'
'Invoking: ARM v7 gcc compiler'
arm-none-eabi-gcc -Wall -O0 -g3 -c -fmessage-length=0 -MT"src/ov5640/ov5640_init.o" -mcpu=cortex-a9 -mfpu=vfpv3 -mfloat-abi=hard -I../../dual_ov5640_hdmi_bsp/ps7_cortexa9_0/include -MMD -MP -MF"src/ov5640/ov5640_init.d" -MT"src/ov5640/ov5640_init.o" -o "src/ov5640/ov5640_init.o" "../src/ov5640/ov5640_init.c"
'Finished building: ../src/ov5640/ov5640_init.c'
' '
'Building file: ../src/osd/osd.c'
'Invoking: ARM v7 gcc compiler'
arm-none-eabi-gcc -Wall -O0 -g3 -c -fmessage-length=0 -MT"src/osd/osd.o" -mcpu=cortex-a9 -mfpu=vfpv3 -mfloat-abi=hard -I../../dual_ov5640_hdmi_bsp/ps7_cortexa9_0/include -MMD -MP -MF"src/osd/osd.d" -MT"src/osd/osd.o" -o "src/osd/osd.o" "../src/osd/osd.c"
In file included from ../src/osd/osd.c:23:0:
../../dual_ov5640_hdmi_bsp/ps7_cortexa9_0/include/xbasic_types.h:111:2: warning: #warning The xbasics_type.h file is deprecated and users should use xil_types.h and xil_assert. [-Wcpp]
 #warning  The xbasics_type.h file is deprecated and users should use xil_types.h and xil_assert.
  ^~~~~~~
../../dual_ov5640_hdmi_bsp/ps7_cortexa9_0/include/xbasic_types.h:112:2: warning: #warning Please refer the Standalone BSP UG647 for further details [-Wcpp]
 #warning  Please refer the Standalone BSP UG647 for further details
  ^~~~~~~
'Finished building: ../src/osd/osd.c'
' '
'Building file: ../src/emio_sccb_cfg/emio_sccb_cfg.c'
'Invoking: ARM v7 gcc compiler'
arm-none-eabi-gcc -Wall -O0 -g3 -c -fmessage-length=0 -MT"src/emio_sccb_cfg/emio_sccb_cfg.o" -mcpu=cortex-a9 -mfpu=vfpv3 -mfloat-abi=hard -I../../dual_ov5640_hdmi_bsp/ps7_cortexa9_0/include -MMD -MP -MF"src/emio_sccb_cfg/emio_sccb_cfg.d" -MT"src/emio_sccb_cfg/emio_sccb_cfg.o" -o "src/emio_sccb_cfg/emio_sccb_cfg.o" "../src/emio_sccb_cfg/emio_sccb_cfg.c"
'Finished building: ../src/emio_sccb_cfg/emio_sccb_cfg.c'
' '
'Building file: ../src/dynclk/dynclk.c'
'Invoking: ARM v7 gcc compiler'
arm-none-eabi-gcc -Wall -O0 -g3 -c -fmessage-length=0 -MT"src/dynclk/dynclk.o" -mcpu=cortex-a9 -mfpu=vfpv3 -mfloat-abi=hard -I../../dual_ov5640_hdmi_bsp/ps7_cortexa9_0/include -MMD -MP -MF"src/dynclk/dynclk.d" -MT"src/dynclk/dynclk.o" -o "src/dynclk/dynclk.o" "../src/dynclk/dynclk.c"
'Finished building: ../src/dynclk/dynclk.c'
' '
'Building file: ../src/display_ctrl_hdmi/display_ctrl.c'
'Invoking: ARM v7 gcc compiler'
arm-none-eabi-gcc -Wall -O0 -g3 -c -fmessage-length=0 -MT"src/display_ctrl_hdmi/display_ctrl.o" -mcpu=cortex-a9 -mfpu=vfpv3 -mfloat-abi=hard -I../../dual_ov5640_hdmi_bsp/ps7_cortexa9_0/include -MMD -MP -MF"src/display_ctrl_hdmi/display_ctrl.d" -MT"src/display_ctrl_hdmi/display_ctrl.o" -o "src/display_ctrl_hdmi/display_ctrl.o" "../src/display_ctrl_hdmi/display_ctrl.c"
'Finished building: ../src/display_ctrl_hdmi/display_ctrl.c'
' '
'Building file: ../src/main.c'
'Invoking: ARM v7 gcc compiler'
arm-none-eabi-gcc -Wall -O0 -g3 -c -fmessage-length=0 -MT"src/main.o" -mcpu=cortex-a9 -mfpu=vfpv3 -mfloat-abi=hard -I../../dual_ov5640_hdmi_bsp/ps7_cortexa9_0/include -MMD -MP -MF"src/main.d" -MT"src/main.o" -o "src/main.o" "../src/main.c"
In file included from ../src/osd/osd.h:26:0,
                 from ../src/main.c:35:
../../dual_ov5640_hdmi_bsp/ps7_cortexa9_0/include/xbasic_types.h:111:2: warning: #warning The xbasics_type.h file is deprecated and users should use xil_types.h and xil_assert. [-Wcpp]
 #warning  The xbasics_type.h file is deprecated and users should use xil_types.h and xil_assert.
  ^~~~~~~
../../dual_ov5640_hdmi_bsp/ps7_cortexa9_0/include/xbasic_types.h:112:2: warning: #warning Please refer the Standalone BSP UG647 for further details [-Wcpp]
 #warning  Please refer the Standalone BSP UG647 for further details
  ^~~~~~~
'Finished building: ../src/main.c'
' '
'Building target: dual_ov5640_hdmi.elf'
'Invoking: ARM v7 gcc linker'
arm-none-eabi-gcc -mcpu=cortex-a9 -mfpu=vfpv3 -mfloat-abi=hard -Wl,-build-id=none -specs=Xilinx.spec -Wl,-T -Wl,../src/lscript.ld -L../../dual_ov5640_hdmi_bsp/ps7_cortexa9_0/lib -o "dual_ov5640_hdmi.elf"  ./src/vdma_api/vdma_api.o  ./src/ov5640/ov5640_init.o  ./src/osd/osd.o  ./src/emio_sccb_cfg/emio_sccb_cfg.o  ./src/dynclk/dynclk.o  ./src/display_ctrl_hdmi/display_ctrl.o  ./src/main.o   -Wl,--start-group,-lxil,-lgcc,-lc,--end-group
'Finished building target: dual_ov5640_hdmi.elf'
' '
'Invoking: ARM v7 Print Size'
arm-none-eabi-size dual_ov5640_hdmi.elf  |tee "dual_ov5640_hdmi.elf.size"
   text	   data	    bss	    dec	    hex	filename
  78116	   3008	  29072	 110196	  1ae74	dual_ov5640_hdmi.elf
'Finished building: dual_ov5640_hdmi.elf.size'
' '

17:23:13 Build Finished (took 10s.78ms)

